
Number of records read = 7
Number of records written = 7
