1
>	a1	1:70	3S1M1S	ACGTN	;46>>	OP:i:75	MD:Z:30A0C5
18:462+29M5I3M:F:295
<	a1	1:78
>	a1	1:74
2
>	a1	1:72	3S1M1S	ACGTN	;47>>	OP:i:75	MD:Z:30A0C5
ABC
>	cd	*:0	*	*	*
DEF
>	cd	*:0	*	*	*
