GapSize	NumPairs
-23	3
-21	3
-20	4
-5	1
30	1
70	3
