1	28	70
1	10028	71
1	10028	70
1	10028	70
1	10028	30
1	10028	-19
1	10028	-19
1	10028	-19
1	10030	-21
1	10030	-20
1	10030	-20
1	10030	-21
1	10030	-21
1	10030	-20
1	10030	-20
2	32	-18
4	24	-23
4	27	-23
4	30	-23
4	34	-5
