Failed opening the SAM/BAM file, returning: 3 (FAIL_IO)
FAIL_IO: Failed to Open testFiles/nonExistentFile.sam for reading
