Wrote results/regionReadRnFile.sam with 2 records.
