Wrote results/regionReadRnFile2.sam with 5 records.
