Wrote results/regionReadRnFile1.sam with 2 records.
