Wrote results/regionReadRnFile3.sam with 5 records.
