Reference Name: 1 has 5 records
Reference Name: 2 has 2 records
Reference Name: 3 has 1 records
Reference Name: * has 2 records
Number of records = 10
Returning: 0 (SUCCESS)
