1:1011:F:255+17M15D20M	0
18:462+29M5I3M:F:295	1
18:462+29M5I3M:F:296	2
18:462+29M5I3M:F:297	3
Y:16597235+13M13I11M:F:181	4
18:462+29M5I3M:F:298	5
